// Jest Snapshot v1, https://goo.gl/fbAQLP

exports[`Link matches snapshot 1`] = `
<div>
  <a
    class=""
  >
    test
  </a>
</div>
`;
