// Jest Snapshot v1, https://goo.gl/fbAQLP

exports[`Container [style=default] matches the snapshot 1`] = `
<div>
  <div
    class=""
  />
</div>
`;
