// Jest Snapshot v1, https://goo.gl/fbAQLP

exports[`Paragraph matches the snapshot 1`] = `
.c0 {
  font-size: 1rem;
  line-height: 1.4rem;
}

<div>
  <p
    class="c0"
  >
    test
  </p>
</div>
`;
