// Jest Snapshot v1, https://goo.gl/fbAQLP

exports[`Section matches snapshot 1`] = `
<div>
  <div
    class=""
  >
    test
  </div>
</div>
`;
