// Jest Snapshot v1, https://goo.gl/fbAQLP

exports[`GlobalStyle matches snapshot 1`] = `<div />`;
