// Jest Snapshot v1, https://goo.gl/fbAQLP

exports[`Paragraph matches the snapshot 1`] = `
<div>
  <p
    class=""
  >
    test
  </p>
</div>
`;
