// Jest Snapshot v1, https://goo.gl/fbAQLP

exports[`Section matches snapshot 1`] = `
.c0 {
  display: -webkit-box;
  display: -webkit-flex;
  display: -ms-flexbox;
  display: flex;
  -webkit-box-pack: center;
  -webkit-justify-content: center;
  -ms-flex-pack: center;
  justify-content: center;
  padding: 1rem 0;
}

@media (min-width:768px) {
  .c0 {
    padding: 2rem 0;
  }
}

@media (min-width:992px) {
  .c0 {
    padding: 3rem 0;
  }
}

<div>
  <div
    class="c0"
  >
    test
  </div>
</div>
`;
