// Jest Snapshot v1, https://goo.gl/fbAQLP

exports[`Headline matches snapshot 1`] = `
.c0 {
  font-size: 2rem;
  line-height: 2.4rem;
}

<div>
  <h6
    class="c0"
  >
    test
  </h6>
</div>
`;
