// Jest Snapshot v1, https://goo.gl/fbAQLP

exports[`Headline matches snapshot 1`] = `
<div>
  <h6
    class=""
  >
    test
  </h6>
</div>
`;
